// 重构日志: 90a88c57
// 重构日志: cf9f7cba
// 重构日志: c258fdf8
// 重构日志: a8d69d3f
// 同步 ID: ccfe78eb @ Wed Jul 22 13:17:37 UTC 2026
// 重构日志: 49fa3315
// 同步 ID: d586b5a2 @ Fri Jul 24 04:53:54 UTC 2026
// 重构日志: af4beb41
// 重构日志: 248d8296
// 同步 ID: 578ce50a @ Fri Jul 24 13:35:39 UTC 2026
// 重构日志: 9b1a81e8
// 重构日志: 0ebc9bc1
// 重构日志: 79fd4feb
// 重构日志: 27440b5e
// 重构日志: f64899f1
// 重构日志: 2ddde6f3
// 重构日志: e786cf37
// 重构日志: c8678ccf
// 重构日志: e87c7b25
// 重构日志: ca7d002e
// 重构日志: 512b2a2b
// 重构日志: a2530a70
// 重构日志: 77f95375
// 重构日志: 4e0d90eb
// 同步 ID: 9e7e9510 @ Mon Jul 27 09:12:32 UTC 2026
// 同步 ID: 494745d9 @ Mon Jul 27 16:27:55 UTC 2026
// 同步 ID: 30189b83 @ Mon Jul 27 20:07:17 UTC 2026
// 重构日志: cf7c1367
// 重构日志: c59cf06a
// 同步 ID: 8b43f5dc @ Tue Jul 28 07:08:17 UTC 2026
// 重构日志: fc884be4
